[www.sainionline.com/index.html]
[backblue.gif]
[fade.gif]
[index.html]
[www.sainionline.com/_/rsrc/1497579108333/favicon.png]
[www.sainionline.com/_/rsrc/1621111386456/config/customLogo979d.jpg]
[www.sainionline.com/home.html]
[www.sainionline.com/maharaja-shoorsen.html]
[www.sainionline.com/shoor-saini-maharaja-krishna.html]
[www.sainionline.com/raja-porus--ancient-saini-hero.html]
[www.sainionline.com/sainis-as-jadaun-rajputs.html]
[www.sainionline.com/origin-of-saini-caste-from-yadu-rajputs.html]
[www.sainionline.com/saini-etymology.html]
[www.sainionline.com/list-of-saini-yaduvanshi-kings.html]
[www.sainionline.com/sainis-in-punjab.html]
[www.sainionline.com/glorious-military-heroes.html]
[www.sainionline.com/shoorsainis-in-mahabharata.html]
[www.sainionline.com/personalities/rana-gurdan-saini.html]
[www.sainionline.com/shaheed-bibi-sharan-kaur-pabla.html]
[www.sainionline.com/glorious-military-heroes/raja-sher-singh-salaria-saini.html]
[www.sainionline.com/personalities/senapati-gulab-singh-saini.html]
[www.sainionline.com/personalities/subedar-joginder-singh-pvc.html]
[www.sainionline.com/personalities/captain-g-s-salaria.html]
[www.sainionline.com/sainis-in-army-and-police.html]
[www.sainionline.com/personalities.html]
[www.sainionline.com/list-of-saini-clans.html]
[www.sainionline.com/saini-rajput-villages.html]
[www.sainionline.com/yaduvanshi-saini-rajput-mahasabha.html]
[www.sainionline.com/home/community-leadership.html]
[www.sainionline.com/about-us.html]
[www.sainionline.com/lets.html]
[www.sainionline.com/origin-from-surasenas.html]
[www.sainionline.com/home/saini-rajaputon-ka-sankshipta-itihasa.html]
[www.sainionline.com/rana-bankura-saini-rajput.html]
[www.sainionline.com/saini-freedom-fighters.html]
[www.sainionline.com/saini-zaildars.html]
[www.sainionline.com/pop-culture.html]
[www.sainionline.com/news-press-releases.html]
[www.sainionline.com/op-eds.html]
[www.sainionline.com/op-eds/return-of-cynical-electioneering-and-quota-politics-in-punjab.html]
[www.sainionline.com/op-eds/a-brief-history-of-yaduvanshi-saini-rajputs.html]
[www.sainionline.com/neo-saini-groups.html]
[www.sainionline.com/neo-saini-groups/an-urban-legend-1.html]
[www.sainionline.com/neo-saini-groups/post-1930-appropriation-of-saini-identity-by-mali-caste.html]
[www.sainionline.com/neo-saini-groups/an-urban-legend-1/Beware-of-jyoti-rao-phule-s-anti-sikh-ideology.html]
[www.sainionline.com/neo-saini-groups/official-order-for-renaming-of-malis-as-sainis-in-rajasthan.html]
[www.sainionline.com/colonial-ethnologies.html]
[www.sainionline.com/contact-us.html]
[www.sainionline.com/_/rsrc/1497579109120/home/arjuna-and-krishna1cdfd.jpg]
[www.sainionline.com/home/guru_har_gobind ji.306fb5.delayed]
[www.sainionline.com/_/rsrc/1497579109120/home/guru_har_gobind ji245e.jpg]
[www.sainionline.com/_/tz.33.delayed]
[www.sainionline.com/index.html]
[www.sainionline.com/_/rsrc/1622706039000/system/app/images/toolbar-check.gif]
[www.sainionline.com/disclaimer.html]
[www.sainionline.com/_/rsrc/1622706039000/system/app/images/icon-help-kennedy.png]
[www.sainionline.com/site/sites/system/app/images/icon_plusone.36.delayed]
[www.sainionline.com/site/sites/system/app/images/plusbadge.37.delayed]
[www.sainionline.com/_/rsrc/1622706039000/system/app/css/editor.css]
[www.sainionline.com/_/rsrc/1622706039000/system/app/css/overlay2ee9.css]
[www.sainionline.com/_/rsrc/1622706039000/system/app/images/camelot.png]
[www.sainionline.com/_/rsrc/1622706039000/system/app/css/camelot/allthemes-view.css]
[www.sainionline.com/home.html]
[www.sainionline.com/maharaja-shoorsen.html]
[www.sainionline.com/_/rsrc/1497579109914/shoor-saini-maharaja-krishna/Dawarka Mudrae7f9.jpg]
[www.sainionline.com/shoor-saini-maharaja-krishna.html]
[www.sainionline.com/_/rsrc/1497579109914/shoor-saini-maharaja-krishna/Vishnu- Tomara Dharabf22.jpg]
[www.sainionline.com/raja-porus--ancient-saini-hero/1-Balarama_Shoorsaini.3f6fb5.delayed]
[www.sainionline.com/_/rsrc/1497579109529/raja-porus--ancient-saini-hero/Porus Saini_Coin07ba.jpg]
[www.sainionline.com/_/rsrc/1621112910754/raja-porus--ancient-saini-hero/Coin_of_the_Bactrian_King_Agathokles-Shoorsaini Symbols914a.jpg]
[www.sainionline.com/_/rsrc/1497579109529/raja-porus--ancient-saini-hero/Porus_Saini_Elephant.jpg]
[www.sainionline.com/_/rsrc/1497579109529/raja-porus--ancient-saini-hero/Shoorsaini Porus80de.jpg]
[www.sainionline.com/_/rsrc/1497579109529/raja-porus--ancient-saini-hero/Shoorsaini Porus on Elephantdbe7.gif]
[www.sainionline.com/_/rsrc/1497579109529/raja-porus--ancient-saini-hero/1-Balarama_Shoorsaini.jpg]
[www.sainionline.com/_/rsrc/1497579109510/origin-from-surasenas/Vishnu9598.jpg]
[www.sainionline.com/_/rsrc/1497579109529/raja-porus--ancient-saini-hero/Balarama_Shoorsainib848.jpg]
[www.sainionline.com/raja-porus--ancient-saini-hero.html]
[www.sainionline.com/sainis-as-jadaun-rajputs.html]
[www.sainionline.com/_/rsrc/1497579109529/raja-porus--ancient-saini-hero/Shoorsaini Balarama0bd8.jpg]
[www.sainionline.com/dhameri-dahmala-as-capital-of-jalandhar-alberuni-s-india.html]
[www.sainionline.com/colonial-ethnologies/saini-rajputs-and-the-battle-of-dhameri.html]
[www.sainionline.com/colonial-ethnologies/tomar-rajputs-per-col-james-tod.html]
[www.sainionline.com/colonial-ethnologies/tomara-yaduvanshi-dynasty-876-c-e-inscription.html]
[www.sainionline.com/geneaology-of-tomara-rulers-of-delhi.html]
[www.sainionline.com/chaunsat-khamba-64-pillar-inscription-of-shoorsaini-kings.html]
[www.sainionline.com/_/rsrc/1497579109509/origin-from-surasenas/Brooklyn_Museum_-_Krishna_Counsels_the_Pandava_Leaders_Page_from_a_Mahabharata_series9e8b.jpg]
[www.sainionline.com/origin-of-saini-caste-from-yadu-rajputs.html]
[www.sainionline.com/saini-etymology.html]
[www.sainionline.com/_/rsrc/1497579109122/list-of-saini-yaduvanshi-kings/Saini Kings- Bayana nad Mukji Bhat Geneaology.jpg]
[www.sainionline.com/list-of-saini-yaduvanshi-kings.html]
[www.sainionline.com/sainis-in-punjab.html]
[www.sainionline.com/_/rsrc/1497579109122/list-of-saini-yaduvanshi-kings/Saini Kings- 64 Pillar Inscription of Kadamb-Vana or Kaman.jpg]
[www.sainionline.com/rana-gurdan-saini.52.delayed]
[www.sainionline.com/subedar-joginder-singh-pvc.53.delayed]
[www.sainionline.com/glorious-military-heroes.html]
[www.sainionline.com/shoorsainis-in-mahabharata.html]
[www.sainionline.com/_/rsrc/1497579109914/shoorsainis-in-mahabharata/Kurukshetraa951.jpg]
[www.sainionline.com/personalities/rana-gurdan-saini.html]
[www.sainionline.com/_/rsrc/1497579121703/personalities/rana-gurdan-saini/Gurdan Saini-Rajput Warrior06f8.jpg]
[www.sainionline.com/_/rsrc/1514229827125/shaheed-bibi-sharan-kaur-pabla/Sharan Kaur Pabla Saini9cb6.png]
[www.sainionline.com/shaheed-bibi-sharan-kaur-pabla.html]
[www.sainionline.com/_/rsrc/1497579109914/shaheed-bibi-sharan-kaur-pabla/Sahibzada_Ajit_Singhc30d.jpg]
[www.sainionline.com/glorious-military-heroes/raja-sher-singh-salaria-saini.html]
[www.sainionline.com/personalities/senapati-gulab-singh-saini.html]
[www.sainionline.com/_/rsrc/1515121714077/glorious-military-heroes/raja-sher-singh-salaria-saini/Shrine of Sher Singh Saini Salaria in Arnia. Jammu District.jpg]
[www.sainionline.com/_/rsrc/1497579121705/personalities/subedar-joginder-singh-pvc/Subedar Joginder Singh (Saini) , PVC, Memorial , Moga.jpg]
[www.sainionline.com/_/rsrc/1497579121705/personalities/subedar-joginder-singh-pvc/Subedar Joginder Singh Shahnan (Saini)-PVC1866.jpg]
[www.sainionline.com/_/rsrc/1497579121704/personalities/subedar-joginder-singh-pvc/PARAM_VEER_CHAKRA.jpg]
[www.sainionline.com/personalities/subedar-joginder-singh-pvc.html]
[www.sainionline.com/_/rsrc/1497579121703/personalities/captain-g-s-salaria/Captain Gurbachan Singh  Salaria.jpg]
[www.sainionline.com/personalities/captain-g-s-salaria.html]
[www.sainionline.com/_/rsrc/1497579109909/sainis-in-army-and-police/HarjitSinghSajjan(Saini)1289f.jpg]
[www.sainionline.com/_/rsrc/1497579109909/sainis-in-army-and-police/Lt Gen SK Saini348f.jpg]
[www.sainionline.com/_/rsrc/1623547822689/sainis-in-army-and-police/Admiral_Ravneet_Singh Saini4126.jpg]
[www.sainionline.com/_/rsrc/1497579109909/sainis-in-army-and-police/Major General Balbir Singh Pama_Saini Castec0a4.jpg]
[www.sainionline.com/_/rsrc/1497579109909/sainis-in-army-and-police/DGP Saini.jpg]
[www.sainionline.com/_/rsrc/1497579109552/sainis-in-army-and-police/Brigadier Sanjeev Sainif100.jpg]
[www.sainionline.com/_/rsrc/1497579109909/sainis-in-army-and-police/Lieut-Gen James Campbell.jpg]
[www.sainionline.com/_/rsrc/1599071089289/sainis-in-army-and-police/Maj Gen Deepak Saini0cde.jpg]
[www.sainionline.com/_/rsrc/1551819846476/sainis-in-army-and-police/Air Commodore MK Saini3655.jpg]
[www.sainionline.com/_/rsrc/1603338141838/sainis-in-army-and-police/Brigadier SS Saini (Battle of Dangapara).jpg]
[www.sainionline.com/_/rsrc/1548018905818/sainis-in-army-and-police/Brigadier Vikas Saini.jpg]
[www.sainionline.com/_/rsrc/1497579109909/sainis-in-army-and-police/HarjitSinghSajjan(Saini)3dbda.jpg]
[www.sainionline.com/_/rsrc/1548015917615/sainis-in-army-and-police/Wing Commander K.K. Saini.jpg]
[www.sainionline.com/_/rsrc/1548016576076/sainis-in-army-and-police/Vir Chaka Major Ravinder Singh Saini.jpg]
[www.sainionline.com/_/rsrc/1497579109910/sainis-in-army-and-police/Uday Singh.jpg]
[www.sainionline.com/personalities/subedar-pritam-singh-darar-iom.html]
[www.sainionline.com/_/rsrc/1497579109909/sainis-in-army-and-police/DGP SS Saini_Saini Casted4a4.jpg]
[www.sainionline.com/_/rsrc/1599070515466/sainis-in-army-and-police/IG Kuldeep Saini6b2a.jpg]
[www.sainionline.com/_/rsrc/1497579109910/sainis-in-army-and-police/PARAM_VEER_CHAKRA4177.jpg]
[www.sainionline.com/_/rsrc/1497579109910/sainis-in-army-and-police/Subedar Joginder Singh Shahnan (Saini)-PVC688d.jpg]
[www.sainionline.com/_/rsrc/1511316249349/sainis-in-army-and-police/Captain_Gurbachan_Singh_Salariaa72d.jpg]
[www.sainionline.com/_/rsrc/1497579109910/sainis-in-army-and-police/Russian_Cross_St_George_1st_&_2nd_class.jpg]
[www.sainionline.com/_/rsrc/1497579109910/sainis-in-army-and-police/Sikh_Bengal Lancersb343.jpg]
[www.sainionline.com/_/rsrc/1497579109908/sainis-in-army-and-police/CanadianOrderofMililtaryMerit5170.jpg]
[www.sainionline.com/_/rsrc/1497579109911/sainis-in-army-and-police/obe- Sadhu Ram Chaudhary (Saini)da32.jpg]
[www.sainionline.com/_/rsrc/1497579109909/sainis-in-army-and-police/Indianorderofmerit.jpg]
[www.sainionline.com/_/rsrc/1497579109911/sainis-in-army-and-police/_Indian_Order_of_Merit.jpg]
[www.sainionline.com/_/rsrc/1497579109910/sainis-in-army-and-police/Order of British India.jpg]
[www.sainionline.com/_/rsrc/1497579109909/sainis-in-army-and-police/Kartar_Singh_Taunque (Saini)9eff.jpg]
[www.sainionline.com/_/rsrc/1497579109910/sainis-in-army-and-police/Subedar Pritam Singh Saini (Darar) - IOM74dd.jpg]
[www.sainionline.com/_/rsrc/1497579109910/sainis-in-army-and-police/Subedar Pritam Singh Saini (Darar) -IOM award941f.jpg]
[www.sainionline.com/_/rsrc/1497579109910/sainis-in-army-and-police/Major Harminder Pal Singh Saini (SC).jpg]
[www.sainionline.com/_/rsrc/1497579109910/sainis-in-army-and-police/Shaurya_Chakra.jpg]
[www.sainionline.com/_/rsrc/1497579109913/sainis-in-army-and-police/uday_kuwait.jpg]
[www.sainionline.com/_/rsrc/1497579109910/sainis-in-army-and-police/Sgt. Paul Singh Pabla (Saini)b4e4.jpg]
[www.sainionline.com/_/rsrc/1497579109911/sainis-in-army-and-police/bronze_star_medald6be.jpg]
[www.sainionline.com/_/rsrc/1497579109910/sainis-in-army-and-police/PurpleHeartba16.jpg]
[www.sainionline.com/sainis-in-army-and-police.html]
[www.sainionline.com/_/rsrc/1497579109910/sainis-in-army-and-police/SanjeevKumar-KargilShaheed51a7.jpg]
[www.sainionline.com/personalities/sardar.html]
[www.sainionline.com/personalities/shaheed-harnam-singh-saini.html]
[www.sainionline.com/personalities/mayya-singh-saini-cavalryman-freedom-fighter.html]
[www.sainionline.com/personalities/mahavarat-vidyalankar.html]
[www.sainionline.com/personalities/igp-sadhu-ram-chaudhari-obe.html]
[www.sainionline.com/personalities/rai-bahadur-chaudhari-dewan-chand.html]
[www.sainionline.com/personalities/babu-labh-singh.html]
[www.sainionline.com/personalities/sadhu-singh-bhaura-akal-takht-jathedar.html]
[www.sainionline.com/personalities/nek-chand-saini-creator-of-rock-garden.html]
[www.sainionline.com/personalities/sadhu-singh-hamdard-padam-shree.html]
[www.sainionline.com/personalities/kulbir-bhaura-gold-medal-seoul-olympics.html]
[www.sainionline.com/personalities/baljit-singh-saini-olympian.html]
[www.sainionline.com/personalities/tersame-singh-saini-of-stereo-nation.html]
[www.sainionline.com/personalities/soni-pabla.html]
[www.sainionline.com/personalities.html]
[www.sainionline.com/list-of-saini-clans.html]
[www.sainionline.com/saini-rajput-villages.html]
[www.sainionline.com/yaduvanshi-saini-rajput-mahasabha.html]
[www.sainionline.com/personalities/ajay-banga-ceo-of-master-card-international.html]
[www.sainionline.com/home/community-leadership.html]
[www.sainionline.com/home/community-leadership/paramveer-singh-dhoorh-sunny-dhoorh.html]
[www.sainionline.com/_/rsrc/1497579109108/about-us/Punjabi Cavalrye8a1.jpg]
[www.sainionline.com/_/rsrc/1497579109108/about-us/Sikh farmer0609.jpg]
[www.sainionline.com/about-us.html]
[www.sainionline.com/_/rsrc/1497579109108/about-us/Akalis22c2.jpg]
[www.sainionline.com/_/rsrc/1497579109122/lets/Chaudhary Shiv Lal Saini Picture.jpg]
[www.sainionline.com/lets.html]
[www.sainionline.com/origin-from-surasenas.html]
[www.sainionline.com/_/rsrc/1497579109122/lets/kultur13224dc22.gif]
[www.sainionline.com/dhameri-dahmala-as-capital-of-jalandhar-alberuni-s-india/Dhameri in Albruni's India, p. 206.986fb5.delayed]
[www.sainionline.com/_/rsrc/1497580955792/home/saini-rajaputon-ka-sankshipta-itihasa/Krishna Rajput Painting.jpg]
[www.sainionline.com/home/saini-rajaputon-ka-sankshipta-itihasa.html]
[www.sainionline.com/_/rsrc/1497580955792/home/saini-rajaputon-ka-sankshipta-itihasa/Karauli_State_CoAb5ef.png]
[www.sainionline.com/rana-bankura-saini-rajput.html]
[www.sainionline.com/_/rsrc/1501420117272/rana-bankura-saini-rajput/Gurdan Saini.jpg]
[www.sainionline.com/saini-freedom-fighters.html]
[www.sainionline.com/saini-zaildars.html]
[www.sainionline.com/pop-culture.html]
[www.sainionline.com/_/rsrc/1497579109552/saini-freedom-fighters/Sadar Dalip Singh Tamber , INA Veteran-1s9c86.jpg]
[www.sainionline.com/news-press-releases/yaduvanshi-saini-rajput-mahasabha-conference-held.html]
[www.sainionline.com/ashbeer-saini-clinches-surya-nepal-masters.html]
[www.sainionline.com/news-press-releases/panjaba-aura-pascimottara-hariyana-ke-saini-yaduvansi-rajaputa-bha-icare-ka-abhinna-anga-haim-do-dhirendara-panjaba-aura-pascimottara-hariyana-ke-saini-]
[www.sainionline.com/sunny-dhoorh-condemned-prakash-s-badal--tarsem-saini.html]
[www.sainionline.com/punjab-govt-withdraws-order-declaring-saini-community-backward-class.html]
[www.sainionline.com/news-press-releases/north-american-saini-cultural-association-denounces-badal-government.html]
[www.sainionline.com/punjab-government-backtracks-on-decision-on-saini-community.html]
[www.sainionline.com/news-press-releases/rajasi-firakaprasati-hularabazi-ate-pachari-am-sreni-am-di-ginati-vadha-una.html]
[www.sainionline.com/news-press-releases/ordinance-outrages-lawyers-of-saini-community.html]
[www.sainionline.com/news-press-releases/mali-sabda-saini-samaja-ka-apamana-do-saini.html]
[www.sainionline.com/news-press-releases/sainis-reject-obc-status-jangatha-times.html]
[www.sainionline.com/news-press-releases/17098317_2265187913707293_3374282304673411541_n.a86fb5.delayed]
[www.sainionline.com/_/rsrc/1497579109494/news-press-releases/17098317_2265187913707293_3374282304673411541_nc105.jpg]
[www.sainionline.com/news-press-releases/17103747_2265187670373984_8767826867940286944_n.aa6fb5.delayed]
[www.sainionline.com/_/rsrc/1497579109494/news-press-releases/17103747_2265187670373984_8767826867940286944_nff16.jpg]
[www.sainionline.com/news-press-releases/17103792_2265186903707394_4386912271955001169_n.ac6fb5.delayed]
[www.sainionline.com/news-press-releases.html]
[www.sainionline.com/_/rsrc/1497579109494/news-press-releases/17103792_2265186903707394_4386912271955001169_n39e1.jpg]
[www.sainionline.com/op-eds.html]
[www.sainionline.com/op-eds/return-of-cynical-electioneering-and-quota-politics-in-punjab.html]
[www.sainionline.com/_/rsrc/1497579121703/op-eds/a-brief-history-of-yaduvanshi-saini-rajputs/Karauli_State_CoAb5ef.png]
[www.sainionline.com/_/rsrc/1497579121703/op-eds/a-brief-history-of-yaduvanshi-saini-rajputs/krishna_cow Traditional9862.jpg]
[www.sainionline.com/_/rsrc/1497579121703/op-eds/a-brief-history-of-yaduvanshi-saini-rajputs/3aRFS17f852.jpg]
[www.sainionline.com/_/rsrc/1497579121703/op-eds/a-brief-history-of-yaduvanshi-saini-rajputs/220px-A_Sikh_Hooper_Western_1860s23af.jpg]
[www.sainionline.com/_/rsrc/1497579121703/op-eds/a-brief-history-of-yaduvanshi-saini-rajputs/18839257_1961002310782080_4669070293936880216_n701f.jpg]
[www.sainionline.com/_/rsrc/1497579121703/op-eds/a-brief-history-of-yaduvanshi-saini-rajputs/Akil Bhartiya Kshatria Mahasabhaf852.png]
[www.sainionline.com/_/rsrc/1497579121703/op-eds/a-brief-history-of-yaduvanshi-saini-rajputs/Krishna Rajput Painting.jpg]
[www.sainionline.com/op-eds/a-brief-history-of-yaduvanshi-saini-rajputs.html]
[www.sainionline.com/neo-saini-groups.html]
[www.sainionline.com/_/rsrc/1497579121703/op-eds/a-brief-history-of-yaduvanshi-saini-rajputs/Balarama_Shoorsaini3fd9.jpg]
[www.sainionline.com/_/rsrc/1617571444940/neo-saini-groups/an-urban-legend-1/Joti Rao Phule1.jpg]
[www.sainionline.com/neo-saini-groups/an-urban-legend-1.html]
[www.sainionline.com/neo-saini-groups/post-1930-appropriation-of-saini-identity-by-mali-caste.html]
[www.sainionline.com/_/rsrc/1497579121703/neo-saini-groups/post-1930-appropriation-of-saini-identity-by-mali-caste/Mali or Neo Saini Periodical1503c.jpg]
[www.sainionline.com/neo-saini-groups/an-urban-legend-1/phule-ki-sanatana-dharma-virodhi-vicaradhara-se-panjaba-saini-yaduvansi-ksatriya-bha-icara-savadhana-rahe.html]
[www.sainionline.com/_/rsrc/1617569868041/neo-saini-groups/an-urban-legend-1/Beware-of-jyoti-rao-phule-s-anti-sikh-ideology/Gulamgiri-Narsingha3.jpg]
[www.sainionline.com/_/rsrc/1617569883725/neo-saini-groups/an-urban-legend-1/Beware-of-jyoti-rao-phule-s-anti-sikh-ideology/Sri Arjun Dev Ji9862.jpg]
[www.sainionline.com/neo-saini-groups/an-urban-legend-1/Beware-of-jyoti-rao-phule-s-anti-sikh-ideology.html]
[www.sainionline.com/_/rsrc/1617569868041/neo-saini-groups/an-urban-legend-1/Beware-of-jyoti-rao-phule-s-anti-sikh-ideology/Joti Rao Phule1.jpg]
[www.sainionline.com/neo-saini-groups/official-order-for-renaming-of-malis-as-sainis-in-rajasthan.html]
[www.sainionline.com/_/rsrc/1497579121702/neo-saini-groups/official-order-for-renaming-of-malis-as-sainis-in-rajasthan/1937 Jodhpur State Order- Renaming of Mali Caste as Saini1cba.jpg]
[www.sainionline.com/colonial-ethnologies/tomar-or-tuar-rajputs---sherring.html]
[www.sainionline.com/colonial-ethnologies.html]
[www.sainionline.com/contact-us.html]
[www.sainionline.com/disclaimer.html]
[www.sainionline.com/_/tz.html]
[www.sainionline.com/site/sites/system/app/images/icon_plusone.html]
[www.sainionline.com/site/sites/system/app/images/plusbadge.html]
[www.sainionline.com/_/rsrc/1623683323000/system/app/images/toolbar-check.gif]
[www.sainionline.com/colonial-ethnologies/colonial-ethnologies--the-ahirs.html]
[www.sainionline.com/_/rsrc/1623683323000/system/app/css/editor.css]
[www.sainionline.com/_/rsrc/1623683323000/system/app/images/icon-help-kennedy.png]
[www.sainionline.com/_/rsrc/1623683323000/system/app/css/overlay2ee9.css]
[www.sainionline.com/_/rsrc/1623683323000/system/app/images/camelot.png]
[www.sainionline.com/_/rsrc/1623683323000/system/app/css/camelot/allthemes-view.css]
[www.sainionline.com/dhameri-dahmala-as-capital-of-jalandhar-alberuni-s-india.html]
[www.sainionline.com/_/rsrc/1497579109915/colonial-ethnologies/saini-rajputs-and-the-battle-of-dhameri/Dhameri,  Tarikh-i-Alfi-Saini Rajputsc975.jpg]
[www.sainionline.com/colonial-ethnologies/saini-rajputs-and-the-battle-of-dhameri/Dhameri- Tarikh-i-Alfi-Saini Rajputs.c36fb5.delayed]
[www.sainionline.com/colonial-ethnologies/saini-rajputs-and-the-battle-of-dhameri.html]
[www.sainionline.com/colonial-ethnologies/tomar-rajputs-per-col-james-tod.html]
[www.sainionline.com/colonial-ethnologies/tomara-yaduvanshi-dynasty-876-c-e-inscription.html]
[www.sainionline.com/_/rsrc/1497579109915/colonial-ethnologies/tomara-yaduvanshi-dynasty-876-c-e-inscription/Tomara-Yaduvanshi Inscription-Cunningham.jpg]
[www.sainionline.com/geneaology-of-tomara-rulers-of-delhi.html]
[www.sainionline.com/_/rsrc/1497579109119/geneaology-of-tomara-rulers-of-delhi/Tomara Dynasty of Delhi Geneaology.jpg]
[www.sainionline.com/chaunsat-khamba-64-pillar-inscription-of-shoorsaini-kings/Chaunsat Khamba Inscription of Shoorsainis of Kadamb Vana- Complete Sanskrit Transcript.c66fb5.delayed]
[www.sainionline.com/_/rsrc/1497579109109/chaunsat-khamba-64-pillar-inscription-of-shoorsaini-kings/Chaunsat Khamba Inscription of Shoorsainis of Kadamb Vana- Complete Sanskrit Transcript.jpg]
[www.sainionline.com/chaunsat-khamba-64-pillar-inscription-of-shoorsaini-kings.html]
[www.sainionline.com/rana-gurdan-saini.html]
[www.sainionline.com/subedar-joginder-singh-pvc.html]
[www.sainionline.com/_/rsrc/1497579121705/personalities/subedar-pritam-singh-darar-iom/Subedar Pritam Singh Saini (Darar) - IOM.jpg]
[www.sainionline.com/_/rsrc/1497579121705/personalities/subedar-pritam-singh-darar-iom/Subedar Pritam Singh Saini (Darar)-IOM Recommendation.jpg]
[www.sainionline.com/_/rsrc/1497579121705/personalities/subedar-pritam-singh-darar-iom/Subedar Pritam Singh Saini (Darar) -IOM award.jpg]
[www.sainionline.com/personalities/subedar-pritam-singh-darar-iom.html]
[www.sainionline.com/personalities/sardar.html]
[www.sainionline.com/_/rsrc/1497579121705/personalities/subedar-pritam-singh-darar-iom/Subedar Pritam Singh Saini (Darar) -IOM Citation.jpg]
[www.sainionline.com/_/rsrc/1497579121704/personalities/shaheed-harnam-singh-saini/Ghadar_di_gunj.jpg]
[www.sainionline.com/_/rsrc/1497579121704/personalities/shaheed-harnam-singh-saini/Ghadar.jpg]
[www.sainionline.com/personalities/shaheed-harnam-singh-saini.html]
[www.sainionline.com/personalities/mayya-singh-saini-cavalryman-freedom-fighter.html]
[www.sainionline.com/personalities/mahavarat-vidyalankar.html]
[www.sainionline.com/personalities/igp-sadhu-ram-chaudhari-obe.html]
[www.sainionline.com/personalities/rai-bahadur-chaudhari-dewan-chand.html]
[www.sainionline.com/personalities/babu-labh-singh.html]
[www.sainionline.com/personalities/sadhu-singh-bhaura-akal-takht-jathedar.html]
[www.sainionline.com/personalities/nek-chand-saini-creator-of-rock-garden.html]
[www.sainionline.com/personalities/sadhu-singh-hamdard-padam-shree.html]
[www.sainionline.com/personalities/kulbir-bhaura-gold-medal-seoul-olympics.html]
[www.sainionline.com/personalities/baljit-singh-saini-olympian.html]
[www.sainionline.com/personalities/tersame-singh-saini-of-stereo-nation.html]
[www.sainionline.com/_/rsrc/1497579121703/personalities/mayya-singh-saini-cavalryman-freedom-fighter/Sikh-ghorcharra-Saini Caste940e.jpg]
[www.sainionline.com/_/rsrc/1497579121704/personalities/soni-pabla/soni_pabla.jpg]
[www.sainionline.com/personalities/soni-pabla/soni_pabla.d06fb5.delayed]
[www.sainionline.com/personalities/soni-pabla.html]
[www.sainionline.com/personalities/ajay-banga-ceo-of-master-card-international.html]
[www.sainionline.com/_/rsrc/1551663561921/home/community-leadership/paramveer-singh-dhoorh-sunny-dhoorh/Sunny Dhoorh 42fba.jpg]
[www.sainionline.com/_/rsrc/1551743617562/home/community-leadership/paramveer-singh-dhoorh-sunny-dhoorh/Sunny Dhoorh - Manmohan Singh68da.jpg]
[www.sainionline.com/_/rsrc/1551663714842/home/community-leadership/paramveer-singh-dhoorh-sunny-dhoorh/Sunny Dhoorh 193a7.jpg]
[www.sainionline.com/home/community-leadership/paramveer-singh-dhoorh-sunny-dhoorh.html]
[www.sainionline.com/_/rsrc/1551663818865/home/community-leadership/paramveer-singh-dhoorh-sunny-dhoorh/Sunny Dhoorh 2b495.jpg]
[www.sainionline.com/_/rsrc/1548556182584/news-press-releases/yaduvanshi-saini-rajput-mahasabha-conference-held/Yaduvanshi Saini Rajput Mahasabha, The Pioneer.jpg]
[www.sainionline.com/news-press-releases/yaduvanshi-saini-rajput-mahasabha-conference-held.html]
[www.sainionline.com/_/rsrc/1530390337777/news-press-releases/panjaba-aura-pascimottara-hariyana-ke-saini-yad/DS Jadaun- Saini Rajput- News in Hindi.png]
[www.sainionline.com/news-press-releases/panjaba-aura-pascimottara-hariyana-ke-saini-yad/DS Jadaun- Saini Rajput- News in Hindi.d76fb5.delayed]
[www.sainionline.com/system/app/pages/admin/revisions.d91571.delayed]
[www.sainionline.com/news-press-releases/panjaba-aura-pascimottara-hariyana-ke-saini-yad/DS Jadaun- Saini Rajput- News in Hindi.da9a1b.delayed]
[www.sainionline.com/news-press-releases/panjaba-aura-pascimottara-hariyana-ke-saini-yaduvansi-rajaputa-bha-icare-ka-abhinna-anga-haim-do-dhirendara-panjaba-aura-pascimottara-hariyana-ke-saini-]
[www.sainionline.com/ashbeer-saini-clinches-surya-nepal-masters.html]
[www.sainionline.com/sunny-dhoorh-condemned-prakash-s-badal--tarsem-saini.html]
[www.sainionline.com/share/print/11017.dc.delayed]
[www.sainionline.com/share/pdf/11017.dd.delayed]
[www.sainionline.com/share/email/11017.de.delayed]
[www.sainionline.com/punjab-govt-withdraws-order-declaring-saini-community-backward-class.html]
[www.sainionline.com/news-press-releases/north-american-saini-cultural-association-denounces-badal-government.html]
[www.sainionline.com/punjab-government-backtracks-on-decision-on-saini-community.html]
[www.sainionline.com/news-press-releases/rajasi-firakaprasati-hularabazi-ate-pachari-am-sreni-am-di-ginati-vadha-una.html]
[www.sainionline.com/news-press-releases/ordinance-outrages-lawyers-of-saini-community.html]
[www.sainionline.com/news-press-releases/mali-sabda-saini-samaja-ka-apamana-do-saini.html]
[www.sainionline.com/news-press-releases/sainis-reject-obc-status-jangatha-times.html]
[www.sainionline.com/neo-saini-groups/an-urban-legend-1/phule-ki-sanatana-dharma-virodhi-vicaradhara-se-panjaba-saini-yaduvansi-ksatriya-bha-icara-savadhana-rahe.html]
[www.sainionline.com/colonial-ethnologies/tomar-or-tuar-rajputs---sherring.html]
[www.sainionline.com/colonial-ethnologies/colonial-ethnologies--the-ahirs.html]
[www.sainionline.com/share/print/11017.html]
[www.sainionline.com/share/pdf/11017.html]
[www.sainionline.com/share/email/11017.html]
